// Jest Snapshot v1, https://goo.gl/fbAQLP

exports[`<Accreditations /> it renders correctly 1`] = `ShallowWrapper {}`;
