// Jest Snapshot v1, https://goo.gl/fbAQLP

exports[`<Banner /> it renders correctly 1`] = `ShallowWrapper {}`;
