// Jest Snapshot v1, https://goo.gl/fbAQLP

exports[`<ContactMap /> it renders correctly 1`] = `ShallowWrapper {}`;
