// Jest Snapshot v1, https://goo.gl/fbAQLP

exports[`<HeaderIntro /> it renders correctly 1`] = `ShallowWrapper {}`;
