// Jest Snapshot v1, https://goo.gl/fbAQLP

exports[`<NewsArticleFooter /> it renders correctly 1`] = `ShallowWrapper {}`;
