// Jest Snapshot v1, https://goo.gl/fbAQLP

exports[`<OperationalStaff /> it renders correctly 1`] = `ShallowWrapper {}`;
