// Jest Snapshot v1, https://goo.gl/fbAQLP

exports[`<ProductServices /> it renders correctly 1`] = `ShallowWrapper {}`;
