// Jest Snapshot v1, https://goo.gl/fbAQLP

exports[`<Quote /> it renders correctly 1`] = `ShallowWrapper {}`;
