// Jest Snapshot v1, https://goo.gl/fbAQLP

exports[`<SectorsGrid /> it renders correctly 1`] = `ShallowWrapper {}`;
