// Jest Snapshot v1, https://goo.gl/fbAQLP

exports[`<ServicesGrid /> it renders correctly 1`] = `ShallowWrapper {}`;
