// Jest Snapshot v1, https://goo.gl/fbAQLP

exports[`<SideBar /> it renders correctly 1`] = `ShallowWrapper {}`;
