// Jest Snapshot v1, https://goo.gl/fbAQLP

exports[`<TestimonialPage /> it renders correctly 1`] = `ShallowWrapper {}`;
